Ralph2 is working!